[2026-06-07T19:27:21.989+0000] {processor.py:161} INFO - Started process (PID=181) to work on /opt/airflow/dags/etl_dbt_pipeline_dag.py
[2026-06-07T19:27:21.991+0000] {processor.py:830} INFO - Processing file /opt/airflow/dags/etl_dbt_pipeline_dag.py for tasks to queue
[2026-06-07T19:27:21.994+0000] {logging_mixin.py:188} INFO - [2026-06-07T19:27:21.994+0000] {dagbag.py:540} INFO - Filling up the DagBag from /opt/airflow/dags/etl_dbt_pipeline_dag.py
[2026-06-07T19:27:24.825+0000] {processor.py:840} INFO - DAG(s) 'etl_dbt_pipeline' retrieved from /opt/airflow/dags/etl_dbt_pipeline_dag.py
[2026-06-07T19:27:25.509+0000] {logging_mixin.py:188} INFO - [2026-06-07T19:27:25.508+0000] {override.py:1829} INFO - Created Permission View: can edit on DAG:etl_dbt_pipeline
[2026-06-07T19:27:25.524+0000] {logging_mixin.py:188} INFO - [2026-06-07T19:27:25.523+0000] {override.py:1829} INFO - Created Permission View: can delete on DAG:etl_dbt_pipeline
[2026-06-07T19:27:25.537+0000] {logging_mixin.py:188} INFO - [2026-06-07T19:27:25.537+0000] {override.py:1829} INFO - Created Permission View: can read on DAG:etl_dbt_pipeline
[2026-06-07T19:27:25.539+0000] {logging_mixin.py:188} INFO - [2026-06-07T19:27:25.538+0000] {dag.py:3096} INFO - Sync 1 DAGs
[2026-06-07T19:27:25.563+0000] {logging_mixin.py:188} INFO - [2026-06-07T19:27:25.562+0000] {dag.py:3118} INFO - Creating ORM DAG for etl_dbt_pipeline
[2026-06-07T19:27:25.576+0000] {logging_mixin.py:188} INFO - [2026-06-07T19:27:25.575+0000] {dag.py:3954} INFO - Setting next_dagrun for etl_dbt_pipeline to 2026-06-06 00:00:00+00:00, run_after=2026-06-07 00:00:00+00:00
[2026-06-07T19:27:25.609+0000] {processor.py:183} INFO - Processing /opt/airflow/dags/etl_dbt_pipeline_dag.py took 3.630 seconds
[2026-06-07T19:27:55.958+0000] {processor.py:161} INFO - Started process (PID=187) to work on /opt/airflow/dags/etl_dbt_pipeline_dag.py
[2026-06-07T19:27:55.960+0000] {processor.py:830} INFO - Processing file /opt/airflow/dags/etl_dbt_pipeline_dag.py for tasks to queue
[2026-06-07T19:27:55.969+0000] {logging_mixin.py:188} INFO - [2026-06-07T19:27:55.968+0000] {dagbag.py:540} INFO - Filling up the DagBag from /opt/airflow/dags/etl_dbt_pipeline_dag.py
[2026-06-07T19:27:56.562+0000] {processor.py:840} INFO - DAG(s) 'etl_dbt_pipeline' retrieved from /opt/airflow/dags/etl_dbt_pipeline_dag.py
[2026-06-07T19:27:56.617+0000] {logging_mixin.py:188} INFO - [2026-06-07T19:27:56.617+0000] {dag.py:3096} INFO - Sync 1 DAGs
[2026-06-07T19:27:57.107+0000] {logging_mixin.py:188} INFO - [2026-06-07T19:27:57.106+0000] {dag.py:3954} INFO - Setting next_dagrun for etl_dbt_pipeline to 2026-06-06 00:00:00+00:00, run_after=2026-06-07 00:00:00+00:00
[2026-06-07T19:27:57.141+0000] {processor.py:183} INFO - Processing /opt/airflow/dags/etl_dbt_pipeline_dag.py took 1.205 seconds
[2026-06-07T19:28:27.413+0000] {processor.py:161} INFO - Started process (PID=193) to work on /opt/airflow/dags/etl_dbt_pipeline_dag.py
[2026-06-07T19:28:27.415+0000] {processor.py:830} INFO - Processing file /opt/airflow/dags/etl_dbt_pipeline_dag.py for tasks to queue
[2026-06-07T19:28:27.417+0000] {logging_mixin.py:188} INFO - [2026-06-07T19:28:27.417+0000] {dagbag.py:540} INFO - Filling up the DagBag from /opt/airflow/dags/etl_dbt_pipeline_dag.py
[2026-06-07T19:28:27.871+0000] {processor.py:840} INFO - DAG(s) 'etl_dbt_pipeline' retrieved from /opt/airflow/dags/etl_dbt_pipeline_dag.py
[2026-06-07T19:28:28.132+0000] {logging_mixin.py:188} INFO - [2026-06-07T19:28:28.132+0000] {dag.py:3096} INFO - Sync 1 DAGs
[2026-06-07T19:28:28.156+0000] {logging_mixin.py:188} INFO - [2026-06-07T19:28:28.156+0000] {dag.py:3954} INFO - Setting next_dagrun for etl_dbt_pipeline to 2026-06-06 00:00:00+00:00, run_after=2026-06-07 00:00:00+00:00
[2026-06-07T19:28:28.176+0000] {processor.py:183} INFO - Processing /opt/airflow/dags/etl_dbt_pipeline_dag.py took 0.768 seconds
[2026-06-07T19:28:58.549+0000] {processor.py:161} INFO - Started process (PID=211) to work on /opt/airflow/dags/etl_dbt_pipeline_dag.py
[2026-06-07T19:28:58.555+0000] {processor.py:830} INFO - Processing file /opt/airflow/dags/etl_dbt_pipeline_dag.py for tasks to queue
[2026-06-07T19:28:58.568+0000] {logging_mixin.py:188} INFO - [2026-06-07T19:28:58.565+0000] {dagbag.py:540} INFO - Filling up the DagBag from /opt/airflow/dags/etl_dbt_pipeline_dag.py
[2026-06-07T19:28:59.624+0000] {processor.py:840} INFO - DAG(s) 'etl_dbt_pipeline' retrieved from /opt/airflow/dags/etl_dbt_pipeline_dag.py
[2026-06-07T19:29:00.216+0000] {logging_mixin.py:188} INFO - [2026-06-07T19:29:00.215+0000] {dag.py:3096} INFO - Sync 1 DAGs
[2026-06-07T19:29:00.244+0000] {logging_mixin.py:188} INFO - [2026-06-07T19:29:00.244+0000] {dag.py:3954} INFO - Setting next_dagrun for etl_dbt_pipeline to 2026-06-07 00:00:00+00:00, run_after=2026-06-08 00:00:00+00:00
[2026-06-07T19:29:00.267+0000] {processor.py:183} INFO - Processing /opt/airflow/dags/etl_dbt_pipeline_dag.py took 1.746 seconds
[2026-06-07T19:29:30.612+0000] {processor.py:161} INFO - Started process (PID=230) to work on /opt/airflow/dags/etl_dbt_pipeline_dag.py
[2026-06-07T19:29:30.615+0000] {processor.py:830} INFO - Processing file /opt/airflow/dags/etl_dbt_pipeline_dag.py for tasks to queue
[2026-06-07T19:29:30.620+0000] {logging_mixin.py:188} INFO - [2026-06-07T19:29:30.619+0000] {dagbag.py:540} INFO - Filling up the DagBag from /opt/airflow/dags/etl_dbt_pipeline_dag.py
[2026-06-07T19:29:31.329+0000] {processor.py:840} INFO - DAG(s) 'etl_dbt_pipeline' retrieved from /opt/airflow/dags/etl_dbt_pipeline_dag.py
[2026-06-07T19:29:31.364+0000] {logging_mixin.py:188} INFO - [2026-06-07T19:29:31.364+0000] {dag.py:3096} INFO - Sync 1 DAGs
[2026-06-07T19:29:31.388+0000] {logging_mixin.py:188} INFO - [2026-06-07T19:29:31.388+0000] {dag.py:3954} INFO - Setting next_dagrun for etl_dbt_pipeline to 2026-06-07 00:00:00+00:00, run_after=2026-06-08 00:00:00+00:00
[2026-06-07T19:29:31.414+0000] {processor.py:183} INFO - Processing /opt/airflow/dags/etl_dbt_pipeline_dag.py took 0.810 seconds
[2026-06-07T19:30:01.751+0000] {processor.py:161} INFO - Started process (PID=236) to work on /opt/airflow/dags/etl_dbt_pipeline_dag.py
[2026-06-07T19:30:01.753+0000] {processor.py:830} INFO - Processing file /opt/airflow/dags/etl_dbt_pipeline_dag.py for tasks to queue
[2026-06-07T19:30:01.755+0000] {logging_mixin.py:188} INFO - [2026-06-07T19:30:01.755+0000] {dagbag.py:540} INFO - Filling up the DagBag from /opt/airflow/dags/etl_dbt_pipeline_dag.py
[2026-06-07T19:30:02.315+0000] {processor.py:840} INFO - DAG(s) 'etl_dbt_pipeline' retrieved from /opt/airflow/dags/etl_dbt_pipeline_dag.py
[2026-06-07T19:30:02.346+0000] {logging_mixin.py:188} INFO - [2026-06-07T19:30:02.345+0000] {dag.py:3096} INFO - Sync 1 DAGs
[2026-06-07T19:30:02.367+0000] {logging_mixin.py:188} INFO - [2026-06-07T19:30:02.367+0000] {dag.py:3954} INFO - Setting next_dagrun for etl_dbt_pipeline to 2026-06-07 00:00:00+00:00, run_after=2026-06-08 00:00:00+00:00
[2026-06-07T19:30:02.403+0000] {processor.py:183} INFO - Processing /opt/airflow/dags/etl_dbt_pipeline_dag.py took 0.658 seconds
[2026-06-07T19:30:32.706+0000] {processor.py:161} INFO - Started process (PID=242) to work on /opt/airflow/dags/etl_dbt_pipeline_dag.py
[2026-06-07T19:30:32.707+0000] {processor.py:830} INFO - Processing file /opt/airflow/dags/etl_dbt_pipeline_dag.py for tasks to queue
[2026-06-07T19:30:32.709+0000] {logging_mixin.py:188} INFO - [2026-06-07T19:30:32.709+0000] {dagbag.py:540} INFO - Filling up the DagBag from /opt/airflow/dags/etl_dbt_pipeline_dag.py
[2026-06-07T19:30:33.484+0000] {processor.py:840} INFO - DAG(s) 'etl_dbt_pipeline' retrieved from /opt/airflow/dags/etl_dbt_pipeline_dag.py
[2026-06-07T19:30:33.527+0000] {logging_mixin.py:188} INFO - [2026-06-07T19:30:33.527+0000] {dag.py:3096} INFO - Sync 1 DAGs
[2026-06-07T19:30:33.567+0000] {logging_mixin.py:188} INFO - [2026-06-07T19:30:33.566+0000] {dag.py:3954} INFO - Setting next_dagrun for etl_dbt_pipeline to 2026-06-07 00:00:00+00:00, run_after=2026-06-08 00:00:00+00:00
[2026-06-07T19:30:33.605+0000] {processor.py:183} INFO - Processing /opt/airflow/dags/etl_dbt_pipeline_dag.py took 0.905 seconds
[2026-06-07T19:31:03.861+0000] {processor.py:161} INFO - Started process (PID=248) to work on /opt/airflow/dags/etl_dbt_pipeline_dag.py
[2026-06-07T19:31:03.863+0000] {processor.py:830} INFO - Processing file /opt/airflow/dags/etl_dbt_pipeline_dag.py for tasks to queue
[2026-06-07T19:31:03.865+0000] {logging_mixin.py:188} INFO - [2026-06-07T19:31:03.865+0000] {dagbag.py:540} INFO - Filling up the DagBag from /opt/airflow/dags/etl_dbt_pipeline_dag.py
[2026-06-07T19:31:04.543+0000] {processor.py:840} INFO - DAG(s) 'etl_dbt_pipeline' retrieved from /opt/airflow/dags/etl_dbt_pipeline_dag.py
[2026-06-07T19:31:04.577+0000] {logging_mixin.py:188} INFO - [2026-06-07T19:31:04.577+0000] {dag.py:3096} INFO - Sync 1 DAGs
[2026-06-07T19:31:04.597+0000] {logging_mixin.py:188} INFO - [2026-06-07T19:31:04.597+0000] {dag.py:3954} INFO - Setting next_dagrun for etl_dbt_pipeline to 2026-06-07 00:00:00+00:00, run_after=2026-06-08 00:00:00+00:00
[2026-06-07T19:31:04.620+0000] {processor.py:183} INFO - Processing /opt/airflow/dags/etl_dbt_pipeline_dag.py took 0.764 seconds
[2026-06-07T19:31:34.884+0000] {processor.py:161} INFO - Started process (PID=254) to work on /opt/airflow/dags/etl_dbt_pipeline_dag.py
[2026-06-07T19:31:34.886+0000] {processor.py:830} INFO - Processing file /opt/airflow/dags/etl_dbt_pipeline_dag.py for tasks to queue
[2026-06-07T19:31:34.888+0000] {logging_mixin.py:188} INFO - [2026-06-07T19:31:34.888+0000] {dagbag.py:540} INFO - Filling up the DagBag from /opt/airflow/dags/etl_dbt_pipeline_dag.py
[2026-06-07T19:31:35.495+0000] {processor.py:840} INFO - DAG(s) 'etl_dbt_pipeline' retrieved from /opt/airflow/dags/etl_dbt_pipeline_dag.py
[2026-06-07T19:31:35.527+0000] {logging_mixin.py:188} INFO - [2026-06-07T19:31:35.526+0000] {dag.py:3096} INFO - Sync 1 DAGs
[2026-06-07T19:31:35.547+0000] {logging_mixin.py:188} INFO - [2026-06-07T19:31:35.546+0000] {dag.py:3954} INFO - Setting next_dagrun for etl_dbt_pipeline to 2026-06-07 00:00:00+00:00, run_after=2026-06-08 00:00:00+00:00
[2026-06-07T19:31:35.569+0000] {processor.py:183} INFO - Processing /opt/airflow/dags/etl_dbt_pipeline_dag.py took 0.691 seconds
[2026-06-07T19:32:05.854+0000] {processor.py:161} INFO - Started process (PID=260) to work on /opt/airflow/dags/etl_dbt_pipeline_dag.py
[2026-06-07T19:32:05.856+0000] {processor.py:830} INFO - Processing file /opt/airflow/dags/etl_dbt_pipeline_dag.py for tasks to queue
[2026-06-07T19:32:05.858+0000] {logging_mixin.py:188} INFO - [2026-06-07T19:32:05.858+0000] {dagbag.py:540} INFO - Filling up the DagBag from /opt/airflow/dags/etl_dbt_pipeline_dag.py
[2026-06-07T19:32:06.483+0000] {processor.py:840} INFO - DAG(s) 'etl_dbt_pipeline' retrieved from /opt/airflow/dags/etl_dbt_pipeline_dag.py
[2026-06-07T19:32:06.551+0000] {logging_mixin.py:188} INFO - [2026-06-07T19:32:06.550+0000] {dag.py:3096} INFO - Sync 1 DAGs
[2026-06-07T19:32:06.582+0000] {logging_mixin.py:188} INFO - [2026-06-07T19:32:06.581+0000] {dag.py:3954} INFO - Setting next_dagrun for etl_dbt_pipeline to 2026-06-07 00:00:00+00:00, run_after=2026-06-08 00:00:00+00:00
[2026-06-07T19:32:06.613+0000] {processor.py:183} INFO - Processing /opt/airflow/dags/etl_dbt_pipeline_dag.py took 0.767 seconds
[2026-06-07T19:32:36.984+0000] {processor.py:161} INFO - Started process (PID=266) to work on /opt/airflow/dags/etl_dbt_pipeline_dag.py
[2026-06-07T19:32:36.987+0000] {processor.py:830} INFO - Processing file /opt/airflow/dags/etl_dbt_pipeline_dag.py for tasks to queue
[2026-06-07T19:32:36.992+0000] {logging_mixin.py:188} INFO - [2026-06-07T19:32:36.991+0000] {dagbag.py:540} INFO - Filling up the DagBag from /opt/airflow/dags/etl_dbt_pipeline_dag.py
[2026-06-07T19:32:37.681+0000] {processor.py:840} INFO - DAG(s) 'etl_dbt_pipeline' retrieved from /opt/airflow/dags/etl_dbt_pipeline_dag.py
[2026-06-07T19:32:37.732+0000] {logging_mixin.py:188} INFO - [2026-06-07T19:32:37.732+0000] {dag.py:3096} INFO - Sync 1 DAGs
[2026-06-07T19:32:37.814+0000] {logging_mixin.py:188} INFO - [2026-06-07T19:32:37.813+0000] {dag.py:3954} INFO - Setting next_dagrun for etl_dbt_pipeline to 2026-06-07 00:00:00+00:00, run_after=2026-06-08 00:00:00+00:00
[2026-06-07T19:32:37.866+0000] {processor.py:183} INFO - Processing /opt/airflow/dags/etl_dbt_pipeline_dag.py took 0.890 seconds
[2026-06-07T19:33:08.235+0000] {processor.py:161} INFO - Started process (PID=272) to work on /opt/airflow/dags/etl_dbt_pipeline_dag.py
[2026-06-07T19:33:08.237+0000] {processor.py:830} INFO - Processing file /opt/airflow/dags/etl_dbt_pipeline_dag.py for tasks to queue
[2026-06-07T19:33:08.239+0000] {logging_mixin.py:188} INFO - [2026-06-07T19:33:08.239+0000] {dagbag.py:540} INFO - Filling up the DagBag from /opt/airflow/dags/etl_dbt_pipeline_dag.py
[2026-06-07T19:33:08.886+0000] {processor.py:840} INFO - DAG(s) 'etl_dbt_pipeline' retrieved from /opt/airflow/dags/etl_dbt_pipeline_dag.py
[2026-06-07T19:33:08.922+0000] {logging_mixin.py:188} INFO - [2026-06-07T19:33:08.922+0000] {dag.py:3096} INFO - Sync 1 DAGs
[2026-06-07T19:33:08.947+0000] {logging_mixin.py:188} INFO - [2026-06-07T19:33:08.947+0000] {dag.py:3954} INFO - Setting next_dagrun for etl_dbt_pipeline to 2026-06-07 00:00:00+00:00, run_after=2026-06-08 00:00:00+00:00
[2026-06-07T19:33:08.970+0000] {processor.py:183} INFO - Processing /opt/airflow/dags/etl_dbt_pipeline_dag.py took 0.744 seconds
[2026-06-07T19:33:39.267+0000] {processor.py:161} INFO - Started process (PID=278) to work on /opt/airflow/dags/etl_dbt_pipeline_dag.py
[2026-06-07T19:33:39.269+0000] {processor.py:830} INFO - Processing file /opt/airflow/dags/etl_dbt_pipeline_dag.py for tasks to queue
[2026-06-07T19:33:39.274+0000] {logging_mixin.py:188} INFO - [2026-06-07T19:33:39.273+0000] {dagbag.py:540} INFO - Filling up the DagBag from /opt/airflow/dags/etl_dbt_pipeline_dag.py
[2026-06-07T19:33:39.932+0000] {processor.py:840} INFO - DAG(s) 'etl_dbt_pipeline' retrieved from /opt/airflow/dags/etl_dbt_pipeline_dag.py
[2026-06-07T19:33:39.993+0000] {logging_mixin.py:188} INFO - [2026-06-07T19:33:39.993+0000] {dag.py:3096} INFO - Sync 1 DAGs
[2026-06-07T19:33:40.051+0000] {logging_mixin.py:188} INFO - [2026-06-07T19:33:40.050+0000] {dag.py:3954} INFO - Setting next_dagrun for etl_dbt_pipeline to 2026-06-07 00:00:00+00:00, run_after=2026-06-08 00:00:00+00:00
[2026-06-07T19:33:40.087+0000] {processor.py:183} INFO - Processing /opt/airflow/dags/etl_dbt_pipeline_dag.py took 0.827 seconds
[2026-06-07T19:34:10.469+0000] {processor.py:161} INFO - Started process (PID=287) to work on /opt/airflow/dags/etl_dbt_pipeline_dag.py
[2026-06-07T19:34:10.472+0000] {processor.py:830} INFO - Processing file /opt/airflow/dags/etl_dbt_pipeline_dag.py for tasks to queue
[2026-06-07T19:34:10.476+0000] {logging_mixin.py:188} INFO - [2026-06-07T19:34:10.475+0000] {dagbag.py:540} INFO - Filling up the DagBag from /opt/airflow/dags/etl_dbt_pipeline_dag.py
[2026-06-07T19:34:11.222+0000] {processor.py:840} INFO - DAG(s) 'etl_dbt_pipeline' retrieved from /opt/airflow/dags/etl_dbt_pipeline_dag.py
[2026-06-07T19:34:11.272+0000] {logging_mixin.py:188} INFO - [2026-06-07T19:34:11.271+0000] {dag.py:3096} INFO - Sync 1 DAGs
[2026-06-07T19:34:11.302+0000] {logging_mixin.py:188} INFO - [2026-06-07T19:34:11.302+0000] {dag.py:3954} INFO - Setting next_dagrun for etl_dbt_pipeline to 2026-06-07 00:00:00+00:00, run_after=2026-06-08 00:00:00+00:00
[2026-06-07T19:34:11.332+0000] {processor.py:183} INFO - Processing /opt/airflow/dags/etl_dbt_pipeline_dag.py took 0.876 seconds
[2026-06-07T19:34:41.587+0000] {processor.py:161} INFO - Started process (PID=304) to work on /opt/airflow/dags/etl_dbt_pipeline_dag.py
[2026-06-07T19:34:41.589+0000] {processor.py:830} INFO - Processing file /opt/airflow/dags/etl_dbt_pipeline_dag.py for tasks to queue
[2026-06-07T19:34:41.592+0000] {logging_mixin.py:188} INFO - [2026-06-07T19:34:41.592+0000] {dagbag.py:540} INFO - Filling up the DagBag from /opt/airflow/dags/etl_dbt_pipeline_dag.py
[2026-06-07T19:34:42.183+0000] {processor.py:840} INFO - DAG(s) 'etl_dbt_pipeline' retrieved from /opt/airflow/dags/etl_dbt_pipeline_dag.py
[2026-06-07T19:34:42.218+0000] {logging_mixin.py:188} INFO - [2026-06-07T19:34:42.217+0000] {dag.py:3096} INFO - Sync 1 DAGs
[2026-06-07T19:34:42.243+0000] {logging_mixin.py:188} INFO - [2026-06-07T19:34:42.243+0000] {dag.py:3954} INFO - Setting next_dagrun for etl_dbt_pipeline to 2026-06-07 00:00:00+00:00, run_after=2026-06-08 00:00:00+00:00
[2026-06-07T19:34:42.275+0000] {processor.py:183} INFO - Processing /opt/airflow/dags/etl_dbt_pipeline_dag.py took 0.694 seconds
[2026-06-07T19:35:12.531+0000] {processor.py:161} INFO - Started process (PID=310) to work on /opt/airflow/dags/etl_dbt_pipeline_dag.py
[2026-06-07T19:35:12.532+0000] {processor.py:830} INFO - Processing file /opt/airflow/dags/etl_dbt_pipeline_dag.py for tasks to queue
[2026-06-07T19:35:12.534+0000] {logging_mixin.py:188} INFO - [2026-06-07T19:35:12.534+0000] {dagbag.py:540} INFO - Filling up the DagBag from /opt/airflow/dags/etl_dbt_pipeline_dag.py
[2026-06-07T19:35:13.032+0000] {processor.py:840} INFO - DAG(s) 'etl_dbt_pipeline' retrieved from /opt/airflow/dags/etl_dbt_pipeline_dag.py
[2026-06-07T19:35:13.068+0000] {logging_mixin.py:188} INFO - [2026-06-07T19:35:13.068+0000] {dag.py:3096} INFO - Sync 1 DAGs
[2026-06-07T19:35:13.092+0000] {logging_mixin.py:188} INFO - [2026-06-07T19:35:13.091+0000] {dag.py:3954} INFO - Setting next_dagrun for etl_dbt_pipeline to 2026-06-07 00:00:00+00:00, run_after=2026-06-08 00:00:00+00:00
[2026-06-07T19:35:13.118+0000] {processor.py:183} INFO - Processing /opt/airflow/dags/etl_dbt_pipeline_dag.py took 0.593 seconds
[2026-06-07T19:35:43.443+0000] {processor.py:161} INFO - Started process (PID=316) to work on /opt/airflow/dags/etl_dbt_pipeline_dag.py
[2026-06-07T19:35:43.445+0000] {processor.py:830} INFO - Processing file /opt/airflow/dags/etl_dbt_pipeline_dag.py for tasks to queue
[2026-06-07T19:35:43.449+0000] {logging_mixin.py:188} INFO - [2026-06-07T19:35:43.449+0000] {dagbag.py:540} INFO - Filling up the DagBag from /opt/airflow/dags/etl_dbt_pipeline_dag.py
[2026-06-07T19:35:44.042+0000] {processor.py:840} INFO - DAG(s) 'etl_dbt_pipeline' retrieved from /opt/airflow/dags/etl_dbt_pipeline_dag.py
[2026-06-07T19:35:44.075+0000] {logging_mixin.py:188} INFO - [2026-06-07T19:35:44.075+0000] {dag.py:3096} INFO - Sync 1 DAGs
[2026-06-07T19:35:44.101+0000] {logging_mixin.py:188} INFO - [2026-06-07T19:35:44.100+0000] {dag.py:3954} INFO - Setting next_dagrun for etl_dbt_pipeline to 2026-06-07 00:00:00+00:00, run_after=2026-06-08 00:00:00+00:00
[2026-06-07T19:35:44.119+0000] {processor.py:183} INFO - Processing /opt/airflow/dags/etl_dbt_pipeline_dag.py took 0.683 seconds
[2026-06-07T19:36:14.348+0000] {processor.py:161} INFO - Started process (PID=322) to work on /opt/airflow/dags/etl_dbt_pipeline_dag.py
[2026-06-07T19:36:14.351+0000] {processor.py:830} INFO - Processing file /opt/airflow/dags/etl_dbt_pipeline_dag.py for tasks to queue
[2026-06-07T19:36:14.355+0000] {logging_mixin.py:188} INFO - [2026-06-07T19:36:14.355+0000] {dagbag.py:540} INFO - Filling up the DagBag from /opt/airflow/dags/etl_dbt_pipeline_dag.py
[2026-06-07T19:36:14.989+0000] {processor.py:840} INFO - DAG(s) 'etl_dbt_pipeline' retrieved from /opt/airflow/dags/etl_dbt_pipeline_dag.py
[2026-06-07T19:36:15.016+0000] {logging_mixin.py:188} INFO - [2026-06-07T19:36:15.016+0000] {dag.py:3096} INFO - Sync 1 DAGs
[2026-06-07T19:36:15.036+0000] {logging_mixin.py:188} INFO - [2026-06-07T19:36:15.036+0000] {dag.py:3954} INFO - Setting next_dagrun for etl_dbt_pipeline to 2026-06-07 00:00:00+00:00, run_after=2026-06-08 00:00:00+00:00
[2026-06-07T19:36:15.058+0000] {processor.py:183} INFO - Processing /opt/airflow/dags/etl_dbt_pipeline_dag.py took 0.719 seconds
[2026-06-07T19:36:45.267+0000] {processor.py:161} INFO - Started process (PID=328) to work on /opt/airflow/dags/etl_dbt_pipeline_dag.py
[2026-06-07T19:36:45.268+0000] {processor.py:830} INFO - Processing file /opt/airflow/dags/etl_dbt_pipeline_dag.py for tasks to queue
[2026-06-07T19:36:45.270+0000] {logging_mixin.py:188} INFO - [2026-06-07T19:36:45.269+0000] {dagbag.py:540} INFO - Filling up the DagBag from /opt/airflow/dags/etl_dbt_pipeline_dag.py
[2026-06-07T19:36:45.768+0000] {processor.py:840} INFO - DAG(s) 'etl_dbt_pipeline' retrieved from /opt/airflow/dags/etl_dbt_pipeline_dag.py
[2026-06-07T19:36:45.792+0000] {logging_mixin.py:188} INFO - [2026-06-07T19:36:45.791+0000] {dag.py:3096} INFO - Sync 1 DAGs
[2026-06-07T19:36:45.810+0000] {logging_mixin.py:188} INFO - [2026-06-07T19:36:45.809+0000] {dag.py:3954} INFO - Setting next_dagrun for etl_dbt_pipeline to 2026-06-07 00:00:00+00:00, run_after=2026-06-08 00:00:00+00:00
[2026-06-07T19:36:45.832+0000] {processor.py:183} INFO - Processing /opt/airflow/dags/etl_dbt_pipeline_dag.py took 0.570 seconds
[2026-06-07T19:37:16.122+0000] {processor.py:161} INFO - Started process (PID=334) to work on /opt/airflow/dags/etl_dbt_pipeline_dag.py
[2026-06-07T19:37:16.123+0000] {processor.py:830} INFO - Processing file /opt/airflow/dags/etl_dbt_pipeline_dag.py for tasks to queue
[2026-06-07T19:37:16.125+0000] {logging_mixin.py:188} INFO - [2026-06-07T19:37:16.125+0000] {dagbag.py:540} INFO - Filling up the DagBag from /opt/airflow/dags/etl_dbt_pipeline_dag.py
[2026-06-07T19:37:16.762+0000] {processor.py:840} INFO - DAG(s) 'etl_dbt_pipeline' retrieved from /opt/airflow/dags/etl_dbt_pipeline_dag.py
[2026-06-07T19:37:16.805+0000] {logging_mixin.py:188} INFO - [2026-06-07T19:37:16.803+0000] {dag.py:3096} INFO - Sync 1 DAGs
[2026-06-07T19:37:16.867+0000] {logging_mixin.py:188} INFO - [2026-06-07T19:37:16.866+0000] {dag.py:3954} INFO - Setting next_dagrun for etl_dbt_pipeline to 2026-06-07 00:00:00+00:00, run_after=2026-06-08 00:00:00+00:00
[2026-06-07T19:37:16.889+0000] {processor.py:183} INFO - Processing /opt/airflow/dags/etl_dbt_pipeline_dag.py took 0.774 seconds
[2026-06-07T19:37:47.378+0000] {processor.py:161} INFO - Started process (PID=340) to work on /opt/airflow/dags/etl_dbt_pipeline_dag.py
[2026-06-07T19:37:47.380+0000] {processor.py:830} INFO - Processing file /opt/airflow/dags/etl_dbt_pipeline_dag.py for tasks to queue
[2026-06-07T19:37:47.383+0000] {logging_mixin.py:188} INFO - [2026-06-07T19:37:47.383+0000] {dagbag.py:540} INFO - Filling up the DagBag from /opt/airflow/dags/etl_dbt_pipeline_dag.py
[2026-06-07T19:37:48.018+0000] {processor.py:840} INFO - DAG(s) 'etl_dbt_pipeline' retrieved from /opt/airflow/dags/etl_dbt_pipeline_dag.py
[2026-06-07T19:37:48.058+0000] {logging_mixin.py:188} INFO - [2026-06-07T19:37:48.057+0000] {dag.py:3096} INFO - Sync 1 DAGs
[2026-06-07T19:37:48.079+0000] {logging_mixin.py:188} INFO - [2026-06-07T19:37:48.079+0000] {dag.py:3954} INFO - Setting next_dagrun for etl_dbt_pipeline to 2026-06-07 00:00:00+00:00, run_after=2026-06-08 00:00:00+00:00
[2026-06-07T19:37:48.101+0000] {processor.py:183} INFO - Processing /opt/airflow/dags/etl_dbt_pipeline_dag.py took 0.731 seconds
[2026-06-07T19:38:18.433+0000] {processor.py:161} INFO - Started process (PID=346) to work on /opt/airflow/dags/etl_dbt_pipeline_dag.py
[2026-06-07T19:38:18.436+0000] {processor.py:830} INFO - Processing file /opt/airflow/dags/etl_dbt_pipeline_dag.py for tasks to queue
[2026-06-07T19:38:18.440+0000] {logging_mixin.py:188} INFO - [2026-06-07T19:38:18.439+0000] {dagbag.py:540} INFO - Filling up the DagBag from /opt/airflow/dags/etl_dbt_pipeline_dag.py
[2026-06-07T19:38:18.991+0000] {processor.py:840} INFO - DAG(s) 'etl_dbt_pipeline' retrieved from /opt/airflow/dags/etl_dbt_pipeline_dag.py
[2026-06-07T19:38:19.024+0000] {logging_mixin.py:188} INFO - [2026-06-07T19:38:19.024+0000] {dag.py:3096} INFO - Sync 1 DAGs
[2026-06-07T19:38:19.041+0000] {logging_mixin.py:188} INFO - [2026-06-07T19:38:19.041+0000] {dag.py:3954} INFO - Setting next_dagrun for etl_dbt_pipeline to 2026-06-07 00:00:00+00:00, run_after=2026-06-08 00:00:00+00:00
[2026-06-07T19:38:19.057+0000] {processor.py:183} INFO - Processing /opt/airflow/dags/etl_dbt_pipeline_dag.py took 0.634 seconds
[2026-06-07T19:38:49.162+0000] {processor.py:161} INFO - Started process (PID=352) to work on /opt/airflow/dags/etl_dbt_pipeline_dag.py
[2026-06-07T19:38:49.163+0000] {processor.py:830} INFO - Processing file /opt/airflow/dags/etl_dbt_pipeline_dag.py for tasks to queue
[2026-06-07T19:38:49.166+0000] {logging_mixin.py:188} INFO - [2026-06-07T19:38:49.166+0000] {dagbag.py:540} INFO - Filling up the DagBag from /opt/airflow/dags/etl_dbt_pipeline_dag.py
[2026-06-07T19:38:49.717+0000] {processor.py:840} INFO - DAG(s) 'etl_dbt_pipeline' retrieved from /opt/airflow/dags/etl_dbt_pipeline_dag.py
[2026-06-07T19:38:49.744+0000] {logging_mixin.py:188} INFO - [2026-06-07T19:38:49.744+0000] {dag.py:3096} INFO - Sync 1 DAGs
[2026-06-07T19:38:49.763+0000] {logging_mixin.py:188} INFO - [2026-06-07T19:38:49.763+0000] {dag.py:3954} INFO - Setting next_dagrun for etl_dbt_pipeline to 2026-06-07 00:00:00+00:00, run_after=2026-06-08 00:00:00+00:00
[2026-06-07T19:38:49.793+0000] {processor.py:183} INFO - Processing /opt/airflow/dags/etl_dbt_pipeline_dag.py took 0.637 seconds
[2026-06-07T19:39:20.085+0000] {processor.py:161} INFO - Started process (PID=362) to work on /opt/airflow/dags/etl_dbt_pipeline_dag.py
[2026-06-07T19:39:20.086+0000] {processor.py:830} INFO - Processing file /opt/airflow/dags/etl_dbt_pipeline_dag.py for tasks to queue
[2026-06-07T19:39:20.089+0000] {logging_mixin.py:188} INFO - [2026-06-07T19:39:20.088+0000] {dagbag.py:540} INFO - Filling up the DagBag from /opt/airflow/dags/etl_dbt_pipeline_dag.py
[2026-06-07T19:39:20.625+0000] {processor.py:840} INFO - DAG(s) 'etl_dbt_pipeline' retrieved from /opt/airflow/dags/etl_dbt_pipeline_dag.py
[2026-06-07T19:39:20.648+0000] {logging_mixin.py:188} INFO - [2026-06-07T19:39:20.648+0000] {dag.py:3096} INFO - Sync 1 DAGs
[2026-06-07T19:39:20.666+0000] {logging_mixin.py:188} INFO - [2026-06-07T19:39:20.666+0000] {dag.py:3954} INFO - Setting next_dagrun for etl_dbt_pipeline to 2026-06-07 00:00:00+00:00, run_after=2026-06-08 00:00:00+00:00
[2026-06-07T19:39:20.689+0000] {processor.py:183} INFO - Processing /opt/airflow/dags/etl_dbt_pipeline_dag.py took 0.611 seconds
[2026-06-07T19:39:50.767+0000] {processor.py:161} INFO - Started process (PID=368) to work on /opt/airflow/dags/etl_dbt_pipeline_dag.py
[2026-06-07T19:39:50.768+0000] {processor.py:830} INFO - Processing file /opt/airflow/dags/etl_dbt_pipeline_dag.py for tasks to queue
[2026-06-07T19:39:50.770+0000] {logging_mixin.py:188} INFO - [2026-06-07T19:39:50.770+0000] {dagbag.py:540} INFO - Filling up the DagBag from /opt/airflow/dags/etl_dbt_pipeline_dag.py
[2026-06-07T19:39:51.262+0000] {processor.py:840} INFO - DAG(s) 'etl_dbt_pipeline' retrieved from /opt/airflow/dags/etl_dbt_pipeline_dag.py
[2026-06-07T19:39:51.286+0000] {logging_mixin.py:188} INFO - [2026-06-07T19:39:51.286+0000] {dag.py:3096} INFO - Sync 1 DAGs
[2026-06-07T19:39:51.305+0000] {logging_mixin.py:188} INFO - [2026-06-07T19:39:51.305+0000] {dag.py:3954} INFO - Setting next_dagrun for etl_dbt_pipeline to 2026-06-07 00:00:00+00:00, run_after=2026-06-08 00:00:00+00:00
[2026-06-07T19:39:51.325+0000] {processor.py:183} INFO - Processing /opt/airflow/dags/etl_dbt_pipeline_dag.py took 0.564 seconds
[2026-06-07T19:40:21.664+0000] {processor.py:161} INFO - Started process (PID=374) to work on /opt/airflow/dags/etl_dbt_pipeline_dag.py
[2026-06-07T19:40:21.666+0000] {processor.py:830} INFO - Processing file /opt/airflow/dags/etl_dbt_pipeline_dag.py for tasks to queue
[2026-06-07T19:40:21.669+0000] {logging_mixin.py:188} INFO - [2026-06-07T19:40:21.668+0000] {dagbag.py:540} INFO - Filling up the DagBag from /opt/airflow/dags/etl_dbt_pipeline_dag.py
[2026-06-07T19:40:22.186+0000] {processor.py:840} INFO - DAG(s) 'etl_dbt_pipeline' retrieved from /opt/airflow/dags/etl_dbt_pipeline_dag.py
[2026-06-07T19:40:22.218+0000] {logging_mixin.py:188} INFO - [2026-06-07T19:40:22.218+0000] {dag.py:3096} INFO - Sync 1 DAGs
[2026-06-07T19:40:22.239+0000] {logging_mixin.py:188} INFO - [2026-06-07T19:40:22.238+0000] {dag.py:3954} INFO - Setting next_dagrun for etl_dbt_pipeline to 2026-06-07 00:00:00+00:00, run_after=2026-06-08 00:00:00+00:00
[2026-06-07T19:40:22.263+0000] {processor.py:183} INFO - Processing /opt/airflow/dags/etl_dbt_pipeline_dag.py took 0.604 seconds
[2026-06-07T19:40:52.411+0000] {processor.py:161} INFO - Started process (PID=380) to work on /opt/airflow/dags/etl_dbt_pipeline_dag.py
[2026-06-07T19:40:52.413+0000] {processor.py:830} INFO - Processing file /opt/airflow/dags/etl_dbt_pipeline_dag.py for tasks to queue
[2026-06-07T19:40:52.414+0000] {logging_mixin.py:188} INFO - [2026-06-07T19:40:52.414+0000] {dagbag.py:540} INFO - Filling up the DagBag from /opt/airflow/dags/etl_dbt_pipeline_dag.py
[2026-06-07T19:40:52.920+0000] {processor.py:840} INFO - DAG(s) 'etl_dbt_pipeline' retrieved from /opt/airflow/dags/etl_dbt_pipeline_dag.py
[2026-06-07T19:40:52.950+0000] {logging_mixin.py:188} INFO - [2026-06-07T19:40:52.950+0000] {dag.py:3096} INFO - Sync 1 DAGs
[2026-06-07T19:40:52.966+0000] {logging_mixin.py:188} INFO - [2026-06-07T19:40:52.966+0000] {dag.py:3954} INFO - Setting next_dagrun for etl_dbt_pipeline to 2026-06-07 00:00:00+00:00, run_after=2026-06-08 00:00:00+00:00
[2026-06-07T19:40:52.986+0000] {processor.py:183} INFO - Processing /opt/airflow/dags/etl_dbt_pipeline_dag.py took 0.581 seconds
