[2026-06-07T19:29:08.875+0000] {local_task_job_runner.py:120} INFO - ::group::Pre task execution logs
[2026-06-07T19:29:08.933+0000] {taskinstance.py:2073} INFO - Dependencies all met for dep_context=non-requeueable deps ti=<TaskInstance: etl_dbt_pipeline.verify_load manual__2026-06-07T19:28:51.897869+00:00 [queued]>
[2026-06-07T19:29:08.952+0000] {taskinstance.py:2073} INFO - Dependencies all met for dep_context=requeueable deps ti=<TaskInstance: etl_dbt_pipeline.verify_load manual__2026-06-07T19:28:51.897869+00:00 [queued]>
[2026-06-07T19:29:08.953+0000] {taskinstance.py:2303} INFO - Starting attempt 1 of 2
[2026-06-07T19:29:09.169+0000] {taskinstance.py:2327} INFO - Executing <Task(PythonOperator): verify_load> on 2026-06-07 19:28:51.897869+00:00
[2026-06-07T19:29:09.182+0000] {logging_mixin.py:188} WARNING - /home/***/.local/lib/python3.12/site-packages/***/task/task_runner/standard_task_runner.py:61 DeprecationWarning: This process (pid=223) is multi-threaded, use of fork() may lead to deadlocks in the child.
[2026-06-07T19:29:09.184+0000] {standard_task_runner.py:63} INFO - Started process 225 to run task
[2026-06-07T19:29:09.182+0000] {standard_task_runner.py:90} INFO - Running: ['***', 'tasks', 'run', 'etl_dbt_pipeline', 'verify_load', 'manual__2026-06-07T19:28:51.897869+00:00', '--job-id', '8', '--raw', '--subdir', 'DAGS_FOLDER/etl_dbt_pipeline_dag.py', '--cfg-path', '/tmp/tmplx225dpx']
[2026-06-07T19:29:09.185+0000] {standard_task_runner.py:91} INFO - Job 8: Subtask verify_load
[2026-06-07T19:29:09.284+0000] {task_command.py:426} INFO - Running <TaskInstance: etl_dbt_pipeline.verify_load manual__2026-06-07T19:28:51.897869+00:00 [running]> on host 8e3e44245596
[2026-06-07T19:29:09.412+0000] {taskinstance.py:2644} INFO - Exporting env vars: AIRFLOW_CTX_DAG_OWNER='anass' AIRFLOW_CTX_DAG_ID='etl_dbt_pipeline' AIRFLOW_CTX_TASK_ID='verify_load' AIRFLOW_CTX_EXECUTION_DATE='2026-06-07T19:28:51.897869+00:00' AIRFLOW_CTX_TRY_NUMBER='1' AIRFLOW_CTX_DAG_RUN_ID='manual__2026-06-07T19:28:51.897869+00:00'
[2026-06-07T19:29:09.414+0000] {taskinstance.py:430} INFO - ::endgroup::
[2026-06-07T19:29:09.445+0000] {db_loader.py:28} INFO - Connexion PostgreSQL établie.
[2026-06-07T19:29:09.469+0000] {db_loader.py:55} INFO - 1 lignes lues.
[2026-06-07T19:29:09.470+0000] {logging_mixin.py:188} INFO - ✅ 9994 lignes dans superstore_sales
[2026-06-07T19:29:09.472+0000] {db_loader.py:76} INFO - Connexion fermée.
[2026-06-07T19:29:09.474+0000] {python.py:237} INFO - Done. Returned value was: None
[2026-06-07T19:29:09.475+0000] {taskinstance.py:441} INFO - ::group::Post task execution logs
[2026-06-07T19:29:09.493+0000] {taskinstance.py:1205} INFO - Marking task as SUCCESS. dag_id=etl_dbt_pipeline, task_id=verify_load, execution_date=20260607T192851, start_date=20260607T192908, end_date=20260607T192909
[2026-06-07T19:29:09.522+0000] {local_task_job_runner.py:240} INFO - Task exited with return code 0
[2026-06-07T19:29:09.563+0000] {taskinstance.py:3482} INFO - 1 downstream tasks scheduled from follow-on schedule check
[2026-06-07T19:29:09.566+0000] {local_task_job_runner.py:222} INFO - ::endgroup::
