[2026-06-07T19:29:11.089+0000] {local_task_job_runner.py:120} INFO - ::group::Pre task execution logs
[2026-06-07T19:29:11.137+0000] {taskinstance.py:2073} INFO - Dependencies all met for dep_context=non-requeueable deps ti=<TaskInstance: etl_dbt_pipeline.dbt_run manual__2026-06-07T19:28:51.897869+00:00 [queued]>
[2026-06-07T19:29:11.151+0000] {taskinstance.py:2073} INFO - Dependencies all met for dep_context=requeueable deps ti=<TaskInstance: etl_dbt_pipeline.dbt_run manual__2026-06-07T19:28:51.897869+00:00 [queued]>
[2026-06-07T19:29:11.153+0000] {taskinstance.py:2303} INFO - Starting attempt 1 of 2
[2026-06-07T19:29:11.332+0000] {taskinstance.py:2327} INFO - Executing <Task(BashOperator): dbt_run> on 2026-06-07 19:28:51.897869+00:00
[2026-06-07T19:29:11.349+0000] {logging_mixin.py:188} WARNING - /home/***/.local/lib/python3.12/site-packages/***/task/task_runner/standard_task_runner.py:61 DeprecationWarning: This process (pid=226) is multi-threaded, use of fork() may lead to deadlocks in the child.
[2026-06-07T19:29:11.351+0000] {standard_task_runner.py:63} INFO - Started process 228 to run task
[2026-06-07T19:29:11.350+0000] {standard_task_runner.py:90} INFO - Running: ['***', 'tasks', 'run', 'etl_dbt_pipeline', 'dbt_run', 'manual__2026-06-07T19:28:51.897869+00:00', '--job-id', '9', '--raw', '--subdir', 'DAGS_FOLDER/etl_dbt_pipeline_dag.py', '--cfg-path', '/tmp/tmp0vuwg0he']
[2026-06-07T19:29:11.355+0000] {standard_task_runner.py:91} INFO - Job 9: Subtask dbt_run
[2026-06-07T19:29:11.479+0000] {task_command.py:426} INFO - Running <TaskInstance: etl_dbt_pipeline.dbt_run manual__2026-06-07T19:28:51.897869+00:00 [running]> on host 8e3e44245596
[2026-06-07T19:29:11.618+0000] {taskinstance.py:2644} INFO - Exporting env vars: AIRFLOW_CTX_DAG_OWNER='anass' AIRFLOW_CTX_DAG_ID='etl_dbt_pipeline' AIRFLOW_CTX_TASK_ID='dbt_run' AIRFLOW_CTX_EXECUTION_DATE='2026-06-07T19:28:51.897869+00:00' AIRFLOW_CTX_TRY_NUMBER='1' AIRFLOW_CTX_DAG_RUN_ID='manual__2026-06-07T19:28:51.897869+00:00'
[2026-06-07T19:29:11.621+0000] {taskinstance.py:430} INFO - ::endgroup::
[2026-06-07T19:29:11.644+0000] {subprocess.py:63} INFO - Tmp dir root location: /tmp
[2026-06-07T19:29:11.646+0000] {subprocess.py:75} INFO - Running command: ['/usr/bin/bash', '-c', 'cd /opt/***/dbt_bootcamp && dbt run --profiles-dir /opt/***/dbt_bootcamp']
[2026-06-07T19:29:11.664+0000] {subprocess.py:86} INFO - Output:
[2026-06-07T19:29:11.697+0000] {subprocess.py:93} INFO - /usr/bin/bash: line 1: dbt: command not found
[2026-06-07T19:29:11.700+0000] {subprocess.py:97} INFO - Command exited with return code 127
[2026-06-07T19:29:11.703+0000] {taskinstance.py:441} INFO - ::group::Post task execution logs
[2026-06-07T19:29:11.721+0000] {taskinstance.py:2890} ERROR - Task failed with exception
Traceback (most recent call last):
  File "/home/airflow/.local/lib/python3.12/site-packages/airflow/models/taskinstance.py", line 465, in _execute_task
    result = _execute_callable(context=context, **execute_callable_kwargs)
             ^^^^^^^^^^^^^^^^^^^^^^^^^^^^^^^^^^^^^^^^^^^^^^^^^^^^^^^^^^^^^
  File "/home/airflow/.local/lib/python3.12/site-packages/airflow/models/taskinstance.py", line 432, in _execute_callable
    return execute_callable(context=context, **execute_callable_kwargs)
           ^^^^^^^^^^^^^^^^^^^^^^^^^^^^^^^^^^^^^^^^^^^^^^^^^^^^^^^^^^^^
  File "/home/airflow/.local/lib/python3.12/site-packages/airflow/models/baseoperator.py", line 400, in wrapper
    return func(self, *args, **kwargs)
           ^^^^^^^^^^^^^^^^^^^^^^^^^^^
  File "/home/airflow/.local/lib/python3.12/site-packages/airflow/operators/bash.py", line 243, in execute
    raise AirflowException(
airflow.exceptions.AirflowException: Bash command failed. The command returned a non-zero exit code 127.
[2026-06-07T19:29:11.727+0000] {taskinstance.py:1205} INFO - Marking task as UP_FOR_RETRY. dag_id=etl_dbt_pipeline, task_id=dbt_run, execution_date=20260607T192851, start_date=20260607T192911, end_date=20260607T192911
[2026-06-07T19:29:11.740+0000] {standard_task_runner.py:110} ERROR - Failed to execute job 9 for task dbt_run (Bash command failed. The command returned a non-zero exit code 127.; 228)
[2026-06-07T19:29:11.768+0000] {local_task_job_runner.py:240} INFO - Task exited with return code 1
[2026-06-07T19:29:11.794+0000] {taskinstance.py:3482} INFO - 0 downstream tasks scheduled from follow-on schedule check
[2026-06-07T19:29:11.798+0000] {local_task_job_runner.py:222} INFO - ::endgroup::
