[2026-06-07T19:28:53.619+0000] {local_task_job_runner.py:120} INFO - ::group::Pre task execution logs
[2026-06-07T19:28:53.706+0000] {taskinstance.py:2073} INFO - Dependencies all met for dep_context=non-requeueable deps ti=<TaskInstance: etl_dbt_pipeline.extract_csv scheduled__2026-06-06T00:00:00+00:00 [queued]>
[2026-06-07T19:28:53.737+0000] {taskinstance.py:2073} INFO - Dependencies all met for dep_context=requeueable deps ti=<TaskInstance: etl_dbt_pipeline.extract_csv scheduled__2026-06-06T00:00:00+00:00 [queued]>
[2026-06-07T19:28:53.738+0000] {taskinstance.py:2303} INFO - Starting attempt 1 of 2
[2026-06-07T19:28:56.226+0000] {taskinstance.py:2327} INFO - Executing <Task(PythonOperator): extract_csv> on 2026-06-06 00:00:00+00:00
[2026-06-07T19:28:56.311+0000] {logging_mixin.py:188} WARNING - /home/***/.local/lib/python3.12/site-packages/***/task/task_runner/standard_task_runner.py:61 DeprecationWarning: This process (pid=199) is multi-threaded, use of fork() may lead to deadlocks in the child.
[2026-06-07T19:28:56.351+0000] {standard_task_runner.py:63} INFO - Started process 209 to run task
[2026-06-07T19:28:56.370+0000] {standard_task_runner.py:90} INFO - Running: ['***', 'tasks', 'run', 'etl_dbt_pipeline', 'extract_csv', 'scheduled__2026-06-06T00:00:00+00:00', '--job-id', '2', '--raw', '--subdir', 'DAGS_FOLDER/etl_dbt_pipeline_dag.py', '--cfg-path', '/tmp/tmpbrxzajbs']
[2026-06-07T19:28:56.405+0000] {standard_task_runner.py:91} INFO - Job 2: Subtask extract_csv
[2026-06-07T19:28:57.331+0000] {task_command.py:426} INFO - Running <TaskInstance: etl_dbt_pipeline.extract_csv scheduled__2026-06-06T00:00:00+00:00 [running]> on host 8e3e44245596
[2026-06-07T19:28:57.943+0000] {taskinstance.py:2644} INFO - Exporting env vars: AIRFLOW_CTX_DAG_OWNER='anass' AIRFLOW_CTX_DAG_ID='etl_dbt_pipeline' AIRFLOW_CTX_TASK_ID='extract_csv' AIRFLOW_CTX_EXECUTION_DATE='2026-06-06T00:00:00+00:00' AIRFLOW_CTX_TRY_NUMBER='1' AIRFLOW_CTX_DAG_RUN_ID='scheduled__2026-06-06T00:00:00+00:00'
[2026-06-07T19:28:57.947+0000] {taskinstance.py:430} INFO - ::endgroup::
[2026-06-07T19:28:58.011+0000] {data_loader.py:27} INFO - Chargement : /opt/***/data/superstore.csv
[2026-06-07T19:28:58.275+0000] {data_loader.py:29} INFO - 9994 lignes chargées.
[2026-06-07T19:28:58.312+0000] {data_loader.py:57} INFO - 0 doublon(s) supprimé(s).
[2026-06-07T19:28:58.326+0000] {data_loader.py:98} INFO - 0 ligne(s) supprimée(s) contenant des valeurs nulles.
[2026-06-07T19:28:58.327+0000] {logging_mixin.py:188} INFO - ✅ CSV : 9994 lignes
[2026-06-07T19:28:58.370+0000] {python.py:237} INFO - Done. Returned value was: None
[2026-06-07T19:28:58.372+0000] {taskinstance.py:441} INFO - ::group::Post task execution logs
[2026-06-07T19:28:58.386+0000] {taskinstance.py:1205} INFO - Marking task as SUCCESS. dag_id=etl_dbt_pipeline, task_id=extract_csv, execution_date=20260606T000000, start_date=20260607T192853, end_date=20260607T192858
[2026-06-07T19:28:58.434+0000] {local_task_job_runner.py:240} INFO - Task exited with return code 0
[2026-06-07T19:28:58.483+0000] {taskinstance.py:3482} INFO - 0 downstream tasks scheduled from follow-on schedule check
[2026-06-07T19:28:58.487+0000] {local_task_job_runner.py:222} INFO - ::endgroup::
