[2026-06-07T19:28:53.618+0000] {local_task_job_runner.py:120} INFO - ::group::Pre task execution logs
[2026-06-07T19:28:53.698+0000] {taskinstance.py:2073} INFO - Dependencies all met for dep_context=non-requeueable deps ti=<TaskInstance: etl_dbt_pipeline.extract_api manual__2026-06-07T19:28:51.897869+00:00 [queued]>
[2026-06-07T19:28:53.724+0000] {taskinstance.py:2073} INFO - Dependencies all met for dep_context=requeueable deps ti=<TaskInstance: etl_dbt_pipeline.extract_api manual__2026-06-07T19:28:51.897869+00:00 [queued]>
[2026-06-07T19:28:53.726+0000] {taskinstance.py:2303} INFO - Starting attempt 1 of 2
[2026-06-07T19:28:56.251+0000] {taskinstance.py:2327} INFO - Executing <Task(PythonOperator): extract_api> on 2026-06-07 19:28:51.897869+00:00
[2026-06-07T19:28:56.338+0000] {logging_mixin.py:188} WARNING - /home/***/.local/lib/python3.12/site-packages/***/task/task_runner/standard_task_runner.py:61 DeprecationWarning: This process (pid=201) is multi-threaded, use of fork() may lead to deadlocks in the child.
[2026-06-07T19:28:56.364+0000] {standard_task_runner.py:63} INFO - Started process 210 to run task
[2026-06-07T19:28:56.346+0000] {standard_task_runner.py:90} INFO - Running: ['***', 'tasks', 'run', 'etl_dbt_pipeline', 'extract_api', 'manual__2026-06-07T19:28:51.897869+00:00', '--job-id', '3', '--raw', '--subdir', 'DAGS_FOLDER/etl_dbt_pipeline_dag.py', '--cfg-path', '/tmp/tmpjwyzcg02']
[2026-06-07T19:28:56.376+0000] {standard_task_runner.py:91} INFO - Job 3: Subtask extract_api
[2026-06-07T19:28:57.315+0000] {task_command.py:426} INFO - Running <TaskInstance: etl_dbt_pipeline.extract_api manual__2026-06-07T19:28:51.897869+00:00 [running]> on host 8e3e44245596
[2026-06-07T19:28:57.956+0000] {taskinstance.py:2644} INFO - Exporting env vars: AIRFLOW_CTX_DAG_OWNER='anass' AIRFLOW_CTX_DAG_ID='etl_dbt_pipeline' AIRFLOW_CTX_TASK_ID='extract_api' AIRFLOW_CTX_EXECUTION_DATE='2026-06-07T19:28:51.897869+00:00' AIRFLOW_CTX_TRY_NUMBER='1' AIRFLOW_CTX_DAG_RUN_ID='manual__2026-06-07T19:28:51.897869+00:00'
[2026-06-07T19:28:57.963+0000] {taskinstance.py:430} INFO - ::endgroup::
[2026-06-07T19:28:58.011+0000] {api_loader.py:53} INFO - Récupération page 1...
[2026-06-07T19:28:58.564+0000] {api_loader.py:67} INFO - 50 enregistrements récupérés.
[2026-06-07T19:28:59.065+0000] {api_loader.py:53} INFO - Récupération page 2...
[2026-06-07T19:28:59.813+0000] {api_loader.py:67} INFO - 50 enregistrements récupérés.
[2026-06-07T19:29:00.315+0000] {api_loader.py:53} INFO - Récupération page 3...
[2026-06-07T19:29:01.032+0000] {api_loader.py:67} INFO - 50 enregistrements récupérés.
[2026-06-07T19:29:01.560+0000] {api_loader.py:73} INFO - Total : 150 lignes extraites.
[2026-06-07T19:29:01.561+0000] {logging_mixin.py:188} INFO - ✅ API : 150 lignes
[2026-06-07T19:29:01.591+0000] {python.py:237} INFO - Done. Returned value was: None
[2026-06-07T19:29:01.593+0000] {taskinstance.py:441} INFO - ::group::Post task execution logs
[2026-06-07T19:29:01.609+0000] {taskinstance.py:1205} INFO - Marking task as SUCCESS. dag_id=etl_dbt_pipeline, task_id=extract_api, execution_date=20260607T192851, start_date=20260607T192853, end_date=20260607T192901
[2026-06-07T19:29:01.646+0000] {local_task_job_runner.py:240} INFO - Task exited with return code 0
[2026-06-07T19:29:01.688+0000] {taskinstance.py:3482} INFO - 1 downstream tasks scheduled from follow-on schedule check
[2026-06-07T19:29:01.690+0000] {local_task_job_runner.py:222} INFO - ::endgroup::
