[2026-06-07T19:34:14.805+0000] {local_task_job_runner.py:120} INFO - ::group::Pre task execution logs
[2026-06-07T19:34:14.849+0000] {taskinstance.py:2073} INFO - Dependencies all met for dep_context=non-requeueable deps ti=<TaskInstance: etl_dbt_pipeline.verify_load scheduled__2026-06-06T00:00:00+00:00 [queued]>
[2026-06-07T19:34:14.860+0000] {taskinstance.py:2073} INFO - Dependencies all met for dep_context=requeueable deps ti=<TaskInstance: etl_dbt_pipeline.verify_load scheduled__2026-06-06T00:00:00+00:00 [queued]>
[2026-06-07T19:34:14.861+0000] {taskinstance.py:2303} INFO - Starting attempt 1 of 2
[2026-06-07T19:34:15.043+0000] {taskinstance.py:2327} INFO - Executing <Task(PythonOperator): verify_load> on 2026-06-06 00:00:00+00:00
[2026-06-07T19:34:15.054+0000] {logging_mixin.py:188} WARNING - /home/***/.local/lib/python3.12/site-packages/***/task/task_runner/standard_task_runner.py:61 DeprecationWarning: This process (pid=297) is multi-threaded, use of fork() may lead to deadlocks in the child.
[2026-06-07T19:34:15.057+0000] {standard_task_runner.py:63} INFO - Started process 299 to run task
[2026-06-07T19:34:15.054+0000] {standard_task_runner.py:90} INFO - Running: ['***', 'tasks', 'run', 'etl_dbt_pipeline', 'verify_load', 'scheduled__2026-06-06T00:00:00+00:00', '--job-id', '12', '--raw', '--subdir', 'DAGS_FOLDER/etl_dbt_pipeline_dag.py', '--cfg-path', '/tmp/tmpjmb1otqv']
[2026-06-07T19:34:15.057+0000] {standard_task_runner.py:91} INFO - Job 12: Subtask verify_load
[2026-06-07T19:34:15.162+0000] {task_command.py:426} INFO - Running <TaskInstance: etl_dbt_pipeline.verify_load scheduled__2026-06-06T00:00:00+00:00 [running]> on host 8e3e44245596
[2026-06-07T19:34:15.278+0000] {taskinstance.py:2644} INFO - Exporting env vars: AIRFLOW_CTX_DAG_OWNER='anass' AIRFLOW_CTX_DAG_ID='etl_dbt_pipeline' AIRFLOW_CTX_TASK_ID='verify_load' AIRFLOW_CTX_EXECUTION_DATE='2026-06-06T00:00:00+00:00' AIRFLOW_CTX_TRY_NUMBER='1' AIRFLOW_CTX_DAG_RUN_ID='scheduled__2026-06-06T00:00:00+00:00'
[2026-06-07T19:34:15.281+0000] {taskinstance.py:430} INFO - ::endgroup::
[2026-06-07T19:34:15.311+0000] {db_loader.py:28} INFO - Connexion PostgreSQL établie.
[2026-06-07T19:34:15.325+0000] {db_loader.py:55} INFO - 1 lignes lues.
[2026-06-07T19:34:15.326+0000] {logging_mixin.py:188} INFO - ✅ 9994 lignes dans superstore_sales
[2026-06-07T19:34:15.327+0000] {db_loader.py:76} INFO - Connexion fermée.
[2026-06-07T19:34:15.327+0000] {python.py:237} INFO - Done. Returned value was: None
[2026-06-07T19:34:15.328+0000] {taskinstance.py:441} INFO - ::group::Post task execution logs
[2026-06-07T19:34:15.341+0000] {taskinstance.py:1205} INFO - Marking task as SUCCESS. dag_id=etl_dbt_pipeline, task_id=verify_load, execution_date=20260606T000000, start_date=20260607T193414, end_date=20260607T193415
[2026-06-07T19:34:15.392+0000] {local_task_job_runner.py:240} INFO - Task exited with return code 0
[2026-06-07T19:34:15.425+0000] {taskinstance.py:3482} INFO - 1 downstream tasks scheduled from follow-on schedule check
[2026-06-07T19:34:15.428+0000] {local_task_job_runner.py:222} INFO - ::endgroup::
