[2026-06-07T19:39:18.440+0000] {local_task_job_runner.py:120} INFO - ::group::Pre task execution logs
[2026-06-07T19:39:18.478+0000] {taskinstance.py:2073} INFO - Dependencies all met for dep_context=non-requeueable deps ti=<TaskInstance: etl_dbt_pipeline.dbt_run scheduled__2026-06-06T00:00:00+00:00 [queued]>
[2026-06-07T19:39:18.493+0000] {taskinstance.py:2073} INFO - Dependencies all met for dep_context=requeueable deps ti=<TaskInstance: etl_dbt_pipeline.dbt_run scheduled__2026-06-06T00:00:00+00:00 [queued]>
[2026-06-07T19:39:18.494+0000] {taskinstance.py:2303} INFO - Starting attempt 2 of 2
[2026-06-07T19:39:18.681+0000] {taskinstance.py:2327} INFO - Executing <Task(BashOperator): dbt_run> on 2026-06-06 00:00:00+00:00
[2026-06-07T19:39:18.694+0000] {logging_mixin.py:188} WARNING - /home/***/.local/lib/python3.12/site-packages/***/task/task_runner/standard_task_runner.py:61 DeprecationWarning: This process (pid=358) is multi-threaded, use of fork() may lead to deadlocks in the child.
[2026-06-07T19:39:18.694+0000] {standard_task_runner.py:90} INFO - Running: ['***', 'tasks', 'run', 'etl_dbt_pipeline', 'dbt_run', 'scheduled__2026-06-06T00:00:00+00:00', '--job-id', '14', '--raw', '--subdir', 'DAGS_FOLDER/etl_dbt_pipeline_dag.py', '--cfg-path', '/tmp/tmp8a3zh2hy']
[2026-06-07T19:39:18.697+0000] {standard_task_runner.py:63} INFO - Started process 360 to run task
[2026-06-07T19:39:18.697+0000] {standard_task_runner.py:91} INFO - Job 14: Subtask dbt_run
[2026-06-07T19:39:18.785+0000] {task_command.py:426} INFO - Running <TaskInstance: etl_dbt_pipeline.dbt_run scheduled__2026-06-06T00:00:00+00:00 [running]> on host 8e3e44245596
[2026-06-07T19:39:18.877+0000] {taskinstance.py:2644} INFO - Exporting env vars: AIRFLOW_CTX_DAG_OWNER='anass' AIRFLOW_CTX_DAG_ID='etl_dbt_pipeline' AIRFLOW_CTX_TASK_ID='dbt_run' AIRFLOW_CTX_EXECUTION_DATE='2026-06-06T00:00:00+00:00' AIRFLOW_CTX_TRY_NUMBER='2' AIRFLOW_CTX_DAG_RUN_ID='scheduled__2026-06-06T00:00:00+00:00'
[2026-06-07T19:39:18.878+0000] {taskinstance.py:430} INFO - ::endgroup::
[2026-06-07T19:39:18.892+0000] {subprocess.py:63} INFO - Tmp dir root location: /tmp
[2026-06-07T19:39:18.894+0000] {subprocess.py:75} INFO - Running command: ['/usr/bin/bash', '-c', 'cd /opt/***/dbt_bootcamp && dbt run --profiles-dir /opt/***/dbt_bootcamp']
[2026-06-07T19:39:18.908+0000] {subprocess.py:86} INFO - Output:
[2026-06-07T19:39:18.913+0000] {subprocess.py:93} INFO - /usr/bin/bash: line 1: dbt: command not found
[2026-06-07T19:39:18.914+0000] {subprocess.py:97} INFO - Command exited with return code 127
[2026-06-07T19:39:18.916+0000] {taskinstance.py:441} INFO - ::group::Post task execution logs
[2026-06-07T19:39:18.928+0000] {taskinstance.py:2890} ERROR - Task failed with exception
Traceback (most recent call last):
  File "/home/airflow/.local/lib/python3.12/site-packages/airflow/models/taskinstance.py", line 465, in _execute_task
    result = _execute_callable(context=context, **execute_callable_kwargs)
             ^^^^^^^^^^^^^^^^^^^^^^^^^^^^^^^^^^^^^^^^^^^^^^^^^^^^^^^^^^^^^
  File "/home/airflow/.local/lib/python3.12/site-packages/airflow/models/taskinstance.py", line 432, in _execute_callable
    return execute_callable(context=context, **execute_callable_kwargs)
           ^^^^^^^^^^^^^^^^^^^^^^^^^^^^^^^^^^^^^^^^^^^^^^^^^^^^^^^^^^^^
  File "/home/airflow/.local/lib/python3.12/site-packages/airflow/models/baseoperator.py", line 400, in wrapper
    return func(self, *args, **kwargs)
           ^^^^^^^^^^^^^^^^^^^^^^^^^^^
  File "/home/airflow/.local/lib/python3.12/site-packages/airflow/operators/bash.py", line 243, in execute
    raise AirflowException(
airflow.exceptions.AirflowException: Bash command failed. The command returned a non-zero exit code 127.
[2026-06-07T19:39:18.933+0000] {taskinstance.py:1205} INFO - Marking task as FAILED. dag_id=etl_dbt_pipeline, task_id=dbt_run, execution_date=20260606T000000, start_date=20260607T193918, end_date=20260607T193918
[2026-06-07T19:39:18.946+0000] {standard_task_runner.py:110} ERROR - Failed to execute job 14 for task dbt_run (Bash command failed. The command returned a non-zero exit code 127.; 360)
[2026-06-07T19:39:18.993+0000] {local_task_job_runner.py:240} INFO - Task exited with return code 1
[2026-06-07T19:39:19.017+0000] {taskinstance.py:3482} INFO - 0 downstream tasks scheduled from follow-on schedule check
[2026-06-07T19:39:19.023+0000] {local_task_job_runner.py:222} INFO - ::endgroup::
