[2026-06-07T19:34:08.638+0000] {local_task_job_runner.py:120} INFO - ::group::Pre task execution logs
[2026-06-07T19:34:08.690+0000] {taskinstance.py:2073} INFO - Dependencies all met for dep_context=non-requeueable deps ti=<TaskInstance: etl_dbt_pipeline.load_to_db scheduled__2026-06-06T00:00:00+00:00 [queued]>
[2026-06-07T19:34:08.706+0000] {taskinstance.py:2073} INFO - Dependencies all met for dep_context=requeueable deps ti=<TaskInstance: etl_dbt_pipeline.load_to_db scheduled__2026-06-06T00:00:00+00:00 [queued]>
[2026-06-07T19:34:08.708+0000] {taskinstance.py:2303} INFO - Starting attempt 2 of 2
[2026-06-07T19:34:08.917+0000] {taskinstance.py:2327} INFO - Executing <Task(PythonOperator): load_to_db> on 2026-06-06 00:00:00+00:00
[2026-06-07T19:34:08.932+0000] {logging_mixin.py:188} WARNING - /home/***/.local/lib/python3.12/site-packages/***/task/task_runner/standard_task_runner.py:61 DeprecationWarning: This process (pid=284) is multi-threaded, use of fork() may lead to deadlocks in the child.
[2026-06-07T19:34:08.935+0000] {standard_task_runner.py:63} INFO - Started process 286 to run task
[2026-06-07T19:34:08.931+0000] {standard_task_runner.py:90} INFO - Running: ['***', 'tasks', 'run', 'etl_dbt_pipeline', 'load_to_db', 'scheduled__2026-06-06T00:00:00+00:00', '--job-id', '10', '--raw', '--subdir', 'DAGS_FOLDER/etl_dbt_pipeline_dag.py', '--cfg-path', '/tmp/tmprcsatqbo']
[2026-06-07T19:34:08.936+0000] {standard_task_runner.py:91} INFO - Job 10: Subtask load_to_db
[2026-06-07T19:34:09.050+0000] {task_command.py:426} INFO - Running <TaskInstance: etl_dbt_pipeline.load_to_db scheduled__2026-06-06T00:00:00+00:00 [running]> on host 8e3e44245596
[2026-06-07T19:34:09.161+0000] {taskinstance.py:2644} INFO - Exporting env vars: AIRFLOW_CTX_DAG_OWNER='anass' AIRFLOW_CTX_DAG_ID='etl_dbt_pipeline' AIRFLOW_CTX_TASK_ID='load_to_db' AIRFLOW_CTX_EXECUTION_DATE='2026-06-06T00:00:00+00:00' AIRFLOW_CTX_TRY_NUMBER='2' AIRFLOW_CTX_DAG_RUN_ID='scheduled__2026-06-06T00:00:00+00:00'
[2026-06-07T19:34:09.163+0000] {taskinstance.py:430} INFO - ::endgroup::
[2026-06-07T19:34:09.181+0000] {data_loader.py:27} INFO - Chargement : /opt/***/data/superstore.csv
[2026-06-07T19:34:09.302+0000] {data_loader.py:29} INFO - 9994 lignes chargées.
[2026-06-07T19:34:09.321+0000] {data_loader.py:57} INFO - 0 doublon(s) supprimé(s).
[2026-06-07T19:34:09.328+0000] {data_loader.py:98} INFO - 0 ligne(s) supprimée(s) contenant des valeurs nulles.
[2026-06-07T19:34:09.329+0000] {api_loader.py:53} INFO - Récupération page 1...
[2026-06-07T19:34:09.760+0000] {api_loader.py:67} INFO - 50 enregistrements récupérés.
[2026-06-07T19:34:10.262+0000] {api_loader.py:53} INFO - Récupération page 2...
[2026-06-07T19:34:10.781+0000] {api_loader.py:67} INFO - 50 enregistrements récupérés.
[2026-06-07T19:34:11.283+0000] {api_loader.py:53} INFO - Récupération page 3...
[2026-06-07T19:34:11.703+0000] {api_loader.py:67} INFO - 50 enregistrements récupérés.
[2026-06-07T19:34:12.206+0000] {api_loader.py:73} INFO - Total : 150 lignes extraites.
[2026-06-07T19:34:12.226+0000] {db_loader.py:28} INFO - Connexion PostgreSQL établie.
[2026-06-07T19:34:13.101+0000] {db_loader.py:45} INFO - 9994 lignes insérées dans 'superstore_sales'.
[2026-06-07T19:34:13.145+0000] {db_loader.py:45} INFO - 150 lignes insérées dans 'breweries'.
[2026-06-07T19:34:13.146+0000] {db_loader.py:76} INFO - Connexion fermée.
[2026-06-07T19:34:13.147+0000] {logging_mixin.py:188} INFO - ✅ Données chargées dans PostgreSQL
[2026-06-07T19:34:13.149+0000] {python.py:237} INFO - Done. Returned value was: None
[2026-06-07T19:34:13.150+0000] {taskinstance.py:441} INFO - ::group::Post task execution logs
[2026-06-07T19:34:13.166+0000] {taskinstance.py:1205} INFO - Marking task as SUCCESS. dag_id=etl_dbt_pipeline, task_id=load_to_db, execution_date=20260606T000000, start_date=20260607T193408, end_date=20260607T193413
[2026-06-07T19:34:13.218+0000] {local_task_job_runner.py:240} INFO - Task exited with return code 0
[2026-06-07T19:34:13.252+0000] {taskinstance.py:3482} INFO - 1 downstream tasks scheduled from follow-on schedule check
[2026-06-07T19:34:13.254+0000] {local_task_job_runner.py:222} INFO - ::endgroup::
