[2026-06-07T19:29:03.529+0000] {local_task_job_runner.py:120} INFO - ::group::Pre task execution logs
[2026-06-07T19:29:03.614+0000] {taskinstance.py:2073} INFO - Dependencies all met for dep_context=non-requeueable deps ti=<TaskInstance: etl_dbt_pipeline.load_to_db manual__2026-06-07T19:28:51.897869+00:00 [queued]>
[2026-06-07T19:29:03.634+0000] {taskinstance.py:2073} INFO - Dependencies all met for dep_context=requeueable deps ti=<TaskInstance: etl_dbt_pipeline.load_to_db manual__2026-06-07T19:28:51.897869+00:00 [queued]>
[2026-06-07T19:29:03.635+0000] {taskinstance.py:2303} INFO - Starting attempt 1 of 2
[2026-06-07T19:29:03.884+0000] {taskinstance.py:2327} INFO - Executing <Task(PythonOperator): load_to_db> on 2026-06-07 19:28:51.897869+00:00
[2026-06-07T19:29:03.898+0000] {logging_mixin.py:188} WARNING - /home/***/.local/lib/python3.12/site-packages/***/task/task_runner/standard_task_runner.py:61 DeprecationWarning: This process (pid=217) is multi-threaded, use of fork() may lead to deadlocks in the child.
[2026-06-07T19:29:03.899+0000] {standard_task_runner.py:90} INFO - Running: ['***', 'tasks', 'run', 'etl_dbt_pipeline', 'load_to_db', 'manual__2026-06-07T19:28:51.897869+00:00', '--job-id', '7', '--raw', '--subdir', 'DAGS_FOLDER/etl_dbt_pipeline_dag.py', '--cfg-path', '/tmp/tmpkihrlh_1']
[2026-06-07T19:29:03.901+0000] {standard_task_runner.py:63} INFO - Started process 222 to run task
[2026-06-07T19:29:03.902+0000] {standard_task_runner.py:91} INFO - Job 7: Subtask load_to_db
[2026-06-07T19:29:04.041+0000] {task_command.py:426} INFO - Running <TaskInstance: etl_dbt_pipeline.load_to_db manual__2026-06-07T19:28:51.897869+00:00 [running]> on host 8e3e44245596
[2026-06-07T19:29:04.226+0000] {taskinstance.py:2644} INFO - Exporting env vars: AIRFLOW_CTX_DAG_OWNER='anass' AIRFLOW_CTX_DAG_ID='etl_dbt_pipeline' AIRFLOW_CTX_TASK_ID='load_to_db' AIRFLOW_CTX_EXECUTION_DATE='2026-06-07T19:28:51.897869+00:00' AIRFLOW_CTX_TRY_NUMBER='1' AIRFLOW_CTX_DAG_RUN_ID='manual__2026-06-07T19:28:51.897869+00:00'
[2026-06-07T19:29:04.230+0000] {taskinstance.py:430} INFO - ::endgroup::
[2026-06-07T19:29:04.265+0000] {data_loader.py:27} INFO - Chargement : /opt/***/data/superstore.csv
[2026-06-07T19:29:04.446+0000] {data_loader.py:29} INFO - 9994 lignes chargées.
[2026-06-07T19:29:04.481+0000] {data_loader.py:57} INFO - 0 doublon(s) supprimé(s).
[2026-06-07T19:29:04.487+0000] {data_loader.py:98} INFO - 0 ligne(s) supprimée(s) contenant des valeurs nulles.
[2026-06-07T19:29:04.491+0000] {api_loader.py:53} INFO - Récupération page 1...
[2026-06-07T19:29:04.626+0000] {api_loader.py:67} INFO - 50 enregistrements récupérés.
[2026-06-07T19:29:05.128+0000] {api_loader.py:53} INFO - Récupération page 2...
[2026-06-07T19:29:05.247+0000] {api_loader.py:67} INFO - 50 enregistrements récupérés.
[2026-06-07T19:29:05.749+0000] {api_loader.py:53} INFO - Récupération page 3...
[2026-06-07T19:29:05.880+0000] {api_loader.py:67} INFO - 50 enregistrements récupérés.
[2026-06-07T19:29:06.383+0000] {api_loader.py:73} INFO - Total : 150 lignes extraites.
[2026-06-07T19:29:06.437+0000] {db_loader.py:28} INFO - Connexion PostgreSQL établie.
[2026-06-07T19:29:07.367+0000] {db_loader.py:45} INFO - 9994 lignes insérées dans 'superstore_sales'.
[2026-06-07T19:29:07.419+0000] {db_loader.py:45} INFO - 150 lignes insérées dans 'breweries'.
[2026-06-07T19:29:07.422+0000] {db_loader.py:76} INFO - Connexion fermée.
[2026-06-07T19:29:07.424+0000] {logging_mixin.py:188} INFO - ✅ Données chargées dans PostgreSQL
[2026-06-07T19:29:07.427+0000] {python.py:237} INFO - Done. Returned value was: None
[2026-06-07T19:29:07.428+0000] {taskinstance.py:441} INFO - ::group::Post task execution logs
[2026-06-07T19:29:07.468+0000] {taskinstance.py:1205} INFO - Marking task as SUCCESS. dag_id=etl_dbt_pipeline, task_id=load_to_db, execution_date=20260607T192851, start_date=20260607T192903, end_date=20260607T192907
[2026-06-07T19:29:07.538+0000] {local_task_job_runner.py:240} INFO - Task exited with return code 0
[2026-06-07T19:29:07.626+0000] {taskinstance.py:3482} INFO - 1 downstream tasks scheduled from follow-on schedule check
[2026-06-07T19:29:07.629+0000] {local_task_job_runner.py:222} INFO - ::endgroup::
