[2026-06-07T19:28:53.624+0000] {local_task_job_runner.py:120} INFO - ::group::Pre task execution logs
[2026-06-07T19:28:53.735+0000] {taskinstance.py:2073} INFO - Dependencies all met for dep_context=non-requeueable deps ti=<TaskInstance: etl_dbt_pipeline.extract_api scheduled__2026-06-06T00:00:00+00:00 [queued]>
[2026-06-07T19:28:53.775+0000] {taskinstance.py:2073} INFO - Dependencies all met for dep_context=requeueable deps ti=<TaskInstance: etl_dbt_pipeline.extract_api scheduled__2026-06-06T00:00:00+00:00 [queued]>
[2026-06-07T19:28:53.777+0000] {taskinstance.py:2303} INFO - Starting attempt 1 of 2
[2026-06-07T19:28:56.184+0000] {taskinstance.py:2327} INFO - Executing <Task(PythonOperator): extract_api> on 2026-06-06 00:00:00+00:00
[2026-06-07T19:28:56.351+0000] {standard_task_runner.py:90} INFO - Running: ['***', 'tasks', 'run', 'etl_dbt_pipeline', 'extract_api', 'scheduled__2026-06-06T00:00:00+00:00', '--job-id', '4', '--raw', '--subdir', 'DAGS_FOLDER/etl_dbt_pipeline_dag.py', '--cfg-path', '/tmp/tmpxdium7nr']
[2026-06-07T19:28:56.372+0000] {standard_task_runner.py:91} INFO - Job 4: Subtask extract_api
[2026-06-07T19:28:56.364+0000] {logging_mixin.py:188} WARNING - /home/***/.local/lib/python3.12/site-packages/***/task/task_runner/standard_task_runner.py:61 DeprecationWarning: This process (pid=200) is multi-threaded, use of fork() may lead to deadlocks in the child.
[2026-06-07T19:28:56.386+0000] {standard_task_runner.py:63} INFO - Started process 208 to run task
[2026-06-07T19:28:57.375+0000] {task_command.py:426} INFO - Running <TaskInstance: etl_dbt_pipeline.extract_api scheduled__2026-06-06T00:00:00+00:00 [running]> on host 8e3e44245596
[2026-06-07T19:28:57.976+0000] {taskinstance.py:2644} INFO - Exporting env vars: AIRFLOW_CTX_DAG_OWNER='anass' AIRFLOW_CTX_DAG_ID='etl_dbt_pipeline' AIRFLOW_CTX_TASK_ID='extract_api' AIRFLOW_CTX_EXECUTION_DATE='2026-06-06T00:00:00+00:00' AIRFLOW_CTX_TRY_NUMBER='1' AIRFLOW_CTX_DAG_RUN_ID='scheduled__2026-06-06T00:00:00+00:00'
[2026-06-07T19:28:57.979+0000] {taskinstance.py:430} INFO - ::endgroup::
[2026-06-07T19:28:58.012+0000] {api_loader.py:53} INFO - Récupération page 1...
[2026-06-07T19:28:58.564+0000] {api_loader.py:67} INFO - 50 enregistrements récupérés.
[2026-06-07T19:28:59.066+0000] {api_loader.py:53} INFO - Récupération page 2...
[2026-06-07T19:28:59.814+0000] {api_loader.py:67} INFO - 50 enregistrements récupérés.
[2026-06-07T19:29:00.317+0000] {api_loader.py:53} INFO - Récupération page 3...
[2026-06-07T19:29:01.034+0000] {api_loader.py:67} INFO - 50 enregistrements récupérés.
[2026-06-07T19:29:01.559+0000] {api_loader.py:73} INFO - Total : 150 lignes extraites.
[2026-06-07T19:29:01.560+0000] {logging_mixin.py:188} INFO - ✅ API : 150 lignes
[2026-06-07T19:29:01.590+0000] {python.py:237} INFO - Done. Returned value was: None
[2026-06-07T19:29:01.592+0000] {taskinstance.py:441} INFO - ::group::Post task execution logs
[2026-06-07T19:29:01.610+0000] {taskinstance.py:1205} INFO - Marking task as SUCCESS. dag_id=etl_dbt_pipeline, task_id=extract_api, execution_date=20260606T000000, start_date=20260607T192853, end_date=20260607T192901
[2026-06-07T19:29:01.645+0000] {local_task_job_runner.py:240} INFO - Task exited with return code 0
[2026-06-07T19:29:01.687+0000] {taskinstance.py:3482} INFO - 1 downstream tasks scheduled from follow-on schedule check
[2026-06-07T19:29:01.689+0000] {local_task_job_runner.py:222} INFO - ::endgroup::
